SPACE  
TOKEN2 c
TOKEN1 aaace
SPACE  
TOKEN4 edbcededbcedbcbc