APLUSBCD abcd
BORCS bbc
DS d
BORCS c
DSTARACS dacac
DS d
ABS abab
BORCS c
ABC abc