APLUSBCD aaabcd
ABC abc
BCSD bcbcbcd
DSTARACS dddacac