DSTARACS ddac
DS dd
ABC abc
SPACE  
APLUSBCD abcd
BCSD bcd
BORCS bccb
DS d