DSTARACS acac
BORCS bcbbc
SPACE  
ABS abab
BORCS c
APLUSBCD abcd
SPACE  
BCSD bcd
DSTARACS dac
DS dd