DSTARACS dacacac
APLUSBCD aaabcd
SPACE  
ABC abc
SPACE  