TWO 2
PATTERN 11011
TWO 2
PATTERN 11010
TWO 2
PATTERN 100001011
TWO 2