bda
5
0
0 3 1
0,'b',4
0,'d',1
0,'a',2
2,'b',3
2,'d',4
2,'a',4
3,'b',3
3,'d',1
3,'a',2
1,'b',4
1,'d',1
1,'a',2
4,'b',4
4,'d',4
4,'a',4