ba
4
0
2 0 1
0,'b',1
0,'a',2
2,'b',1
2,'a',2
1,'b',1
1,'a',2
3,'b',3
3,'a',3