01
9
0
5 1 3
0,'0',1
0,'1',2
2,'0',3
2,'1',4
4,'0',5
4,'1',4
5,'0',8
5,'1',6
6,'0',5
6,'1',4
3,'0',1
3,'1',7
7,'0',3
7,'1',4
1,'0',1
1,'1',7
8,'0',8
8,'1',8