cab
6
0
1
0,'c',1
0,'a',2
0,'b',3
3,'c',1
3,'a',2
3,'b',3
2,'c',1
2,'a',4
2,'b',3
4,'c',1
4,'a',4
4,'b',3
1,'c',5
1,'a',5
1,'b',5
5,'c',5
5,'a',5
5,'b',5