10
7
0
1 5 4 2 3
0,'1',1
0,'0',6
1,'1',2
1,'0',3
3,'1',4
3,'0',3
4,'1',2
4,'0',3
2,'1',2
2,'0',5
5,'1',2
5,'0',5
6,'1',6
6,'0',6