cbda
6
0
3 0 1
0,'c',5
0,'b',5
0,'d',1
0,'a',2
2,'c',3
2,'b',4
2,'d',5
2,'a',5
4,'c',3
4,'b',4
4,'d',5
4,'a',5
3,'c',5
3,'b',5
3,'d',5
3,'a',5
1,'c',5
1,'b',5
1,'d',1
1,'a',5
5,'c',5
5,'b',5
5,'d',5
5,'a',5