01
8
0
5
0,'0',1
0,'1',7
1,'0',2
1,'1',3
3,'0',7
3,'1',4
4,'0',5
4,'1',4
5,'0',7
5,'1',7
2,'0',7
2,'1',6
6,'0',2
6,'1',4
7,'0',7
7,'1',7