ebdac
8
0
5 4 0 6 1
0,'e',7
0,'b',1
0,'d',2
0,'a',3
0,'c',4
4,'e',7
4,'b',1
4,'d',2
4,'a',3
4,'c',4
3,'e',5
3,'b',7
3,'d',7
3,'a',7
3,'c',7
5,'e',7
5,'b',7
5,'d',2
5,'a',3
5,'c',7
2,'e',7
2,'b',7
2,'d',7
2,'a',6
2,'c',7
6,'e',7
6,'b',7
6,'d',2
6,'a',3
6,'c',7
1,'e',7
1,'b',1
1,'d',2
1,'a',3
1,'c',4
7,'e',7
7,'b',7
7,'d',7
7,'a',7
7,'c',7