dbc
6
0
3 0 2
0,'d',5
0,'b',1
0,'c',2
2,'d',5
2,'b',1
2,'c',2
1,'d',3
1,'b',4
1,'c',5
4,'d',3
4,'b',4
4,'c',5
3,'d',5
3,'b',1
3,'c',5
5,'d',5
5,'b',5
5,'c',5