fced
6
0
0 2 4 1
0,'f',1
0,'c',2
0,'e',5
0,'d',3
3,'f',5
3,'c',5
3,'e',4
3,'d',5
4,'f',1
4,'c',2
4,'e',5
4,'d',3
2,'f',1
2,'c',2
2,'e',5
2,'d',3
1,'f',1
1,'c',2
1,'e',5
1,'d',3
5,'f',5
5,'c',5
5,'e',5
5,'d',5