ba
4
0
2
0,'b',3
0,'a',1
1,'b',2
1,'a',3
2,'b',3
2,'a',3
3,'b',3
3,'a',3