bac
5
0
0 3 2
0,'b',1
0,'a',2
0,'c',4
2,'b',4
2,'a',2
2,'c',4
1,'b',4
1,'a',4
1,'c',3
3,'b',4
3,'a',4
3,'c',4
4,'b',4
4,'a',4
4,'c',4