SPACE  
ABSTAR abab
BCBC bcbc
ABDORE e
ASTARBD aaaabd
SPACE  