BORCS ccbbccbbbc
ABDORE abd
ABDORE abd
SPACE  
SPACE  