ABSTAR ab
BORCS bcbccb
SPACE  
CBSAR cbcbcb
SPACE  
BORCS bcbcbc
SPACE  
BORCS c