BCBC bcbc
ABDORE e
BORCS cbbc
ABDORE e
BORCS bc
ABSTAR ab
SPACE  
ASTARBD aabd
ABDORE e
ABDORE abd
ABPLUSC ababccc
ABSTAR ab
SPACE  
EFSTAR ef
BORCS c
ABDORE e