PATTERN5 11101
NEWLINE \n
PATTERN1 1 0
PATTERN3  001 