PATTERN2 101010 
PATTERN1 1 0
SPACE  
PATTERN1 1 0