ABS abababababab
SPACE  
ABS ababab
SPACE  
ABCORC c
SPACE  
APLUSCD aaacd
SPACE  
ABD abd
SPACE  