ABCORC c
APLUSCD aaacd
ABCORC abc
APLUSCD aacd
ABCORC c
DS dd
ABS abab
DS d
SPACE  
ABS ab
SPACE  
ABD abd