ABD abd
SPACE  
ABCORC c
SPACE  
ABS abababababababababab
SPACE  