APLUSCD aacd
SPACE  
APLUSCD aacd
SPACE  
ABCORC c
SPACE  
ABCORC abc
APLUSCD acd
DS ddd
APLUSCD aacd
SPACE  
ABCORC abc
ABCORC c
ABS ab
SPACE  
ABCORC c