APLUSCD acd
ABD abd
SPACE  
APLUSCD aacd
ABCORC c
SPACE  
DS dddd
SPACE  
ABS ababab
ABCORC c