PATTERN3 eedbeeeeeedbeefeeefffdbdb
SPACE  
PATTERN5 dbafcacdcfffdfbdcfbfccdad
SPACE  
PATTERN1 ebbbacacacaccaaaacccaaaca
NEWLINE \n