TOKEN5 eccbbaa
SPACE  
TOKEN5 aabbecc
SPACE  
TOKEN2 aade
SPACE  
TOKEN1 bbcc
SPACE  