TOKEN3 defdefdecdef
SPACE  
TOKEN4 ecaab
SPACE  
TOKEN5 bcbcdecec