TOKEN2 aade
SPACE  
TOKEN1 accccc
SPACE  
TOKEN4 eca
SPACE  
TOKEN4 ecb
SPACE  
TOKEN4 ecaab